                                                                                                  
┌──────────────────┬─────────────────────────────────────────────────────────────────────────────┐
│  0.2.0           │ ✓  2c9b178                                                                  │
│  ↑↑              │   feat: add option toggles to the dashboard that allows dynamic queryies to │
│  0.1.0           │   elastic (#58)                                                             │
│                  │                                                                             │
│ Path: src/ui     │                                                                             │
│                  │                                                                             │
│                  │                                                                             │
├──────────────────┼─────────────────────────────────────────────────────────────────────────────┤
│  0.2.1           │ ✓  6e6fcac                                                                  │
│  ↑↑              │   feat: add redis caching support (#55)                                     │
│  0.2.0           │                                                                             │
│                  │                                                                             │
│ Path: src/search │                                                                             │
│                  │                                                                             │
│                  │                                                                             │
└──────────────────┴─────────────────────────────────────────────────────────────────────────────┘